app/(tabs)/index.tsx(62,42): error TS2345: Argument of type '"/(tabs)/"' is not assignable to parameter of type 'RelativePathString | ExternalPathString | "/anamnese-result" | `/anamnese-result?${string}` | `/anamnese-result#${string}` | "/anamnese" | `/anamnese?${string}` | `/anamnese#${string}` | "/" | `/?${string}` | ... 68 more ... | { ...; }'.
app/(tabs)/index.tsx(69,42): error TS2345: Argument of type '"/(tabs)/"' is not assignable to parameter of type 'RelativePathString | ExternalPathString | "/anamnese-result" | `/anamnese-result?${string}` | `/anamnese-result#${string}` | "/anamnese" | `/anamnese?${string}` | `/anamnese#${string}` | "/" | `/?${string}` | ... 68 more ... | { ...; }'.
app/(tabs)/index.tsx(202,46): error TS2345: Argument of type '"/(tabs)/"' is not assignable to parameter of type 'RelativePathString | ExternalPathString | "/anamnese-result" | `/anamnese-result?${string}` | `/anamnese-result#${string}` | "/anamnese" | `/anamnese?${string}` | `/anamnese#${string}` | "/" | `/?${string}` | ... 68 more ... | { ...; }'.
app/category/[id].tsx(41,46): error TS2345: Argument of type 'number' is not assignable to parameter of type 'string | string[]'.
app/lesson/[id].tsx(418,36): error TS2322: Type '{ children: Element; mode: string; }' is not assignable to type 'IntrinsicAttributes & AnimatePresenceProps & { children?: ReactNode; }'.
  Property 'mode' does not exist on type 'IntrinsicAttributes & AnimatePresenceProps & { children?: ReactNode; }'.
